// Jest Snapshot v1, https://goo.gl/fbAQLP

exports[`<ExperienceBar /> should render the ExperienceBar correctly 1`] = `
.c0 {
  display: -webkit-box;
  display: -webkit-flex;
  display: -ms-flexbox;
  display: flex;
  -webkit-align-items: center;
  -webkit-box-align: center;
  -ms-flex-align: center;
  align-items: center;
  color: #EEEEEE;
  -webkit-transition: color 0.3s ease-in-out;
  transition: color 0.3s ease-in-out;
}

.c0 span {
  font-size: 1rem;
}

.c1 {
  -webkit-flex: 1;
  -ms-flex: 1;
  flex: 1;
  height: 4px;
  border-radius: 4px;
  background-color: #DCDDE0;
  margin: 0 1.5rem;
  position: relative;
}

.c2 {
  height: 4px;
  border-radius: 4px;
  background-color: #04d361;
}

.c3 {
  position: absolute;
  top: 12px;
  -webkit-transform: translateX(-50%);
  -ms-transform: translateX(-50%);
  transform: translateX(-50%);
}

<div
  class="c0"
>
  <span>
    0 xp
  </span>
  <div
    class="c1"
  >
    <div
      class="c2"
      style="width: 50%;"
    />
    <span
      class="c3"
      style="left: 50%;"
    >
      300 xp
    </span>
  </div>
  <span>
    600 xp
  </span>
</div>
`;
