// Jest Snapshot v1, https://goo.gl/fbAQLP

exports[`<CompletedChallenges /> should render the CompletedChallenges correctly 1`] = `
.c0 {
  display: -webkit-box;
  display: -webkit-flex;
  display: -ms-flexbox;
  display: flex;
  -webkit-align-items: center;
  -webkit-box-align: center;
  -ms-flex-align: center;
  align-items: center;
  -webkit-box-pack: justify;
  -webkit-justify-content: space-between;
  -ms-flex-pack: justify;
  justify-content: space-between;
  margin: 3.5rem 0;
  padding-bottom: 1rem;
  border-bottom: 1px solid #d7d8da;
  font-weight: 500;
  color: #EEEEEE;
  -webkit-transition: color 0.3s ease-in-out;
  transition: color 0.3s ease-in-out;
}

.c0 span:first-child {
  font-size: 1.25rem;
}

.c0 span:last-child {
  font-size: 1.5rem;
}

<div
  class="c0"
>
  <span>
    Desafios completos
  </span>
  <span>
    5
  </span>
</div>
`;
